line1
line2
line3
line4
line5
line6
line7
testline

